  Determining projects to restore...
  All projects are up-to-date for restore.
  Shared -> C:\project versions\the newest\RescufyBackendNew\RescufyBackendNew\Shared\bin\Debug\net8.0\Shared.dll
  Domain -> C:\project versions\the newest\RescufyBackendNew\RescufyBackendNew\Core\Domain\bin\Debug\net8.0\Domain.dll
  ServiceAbstraction -> C:\project versions\the newest\RescufyBackendNew\RescufyBackendNew\Core\ServiceAbstraction\bin\Debug\net8.0\ServiceAbstraction.dll
  Service -> C:\project versions\the newest\RescufyBackendNew\RescufyBackendNew\Core\Service\bin\Debug\net8.0\Service.dll
  Presentation -> C:\project versions\the newest\RescufyBackendNew\RescufyBackendNew\Infrastructure\Presentation\bin\Debug\net8.0\Presentation.dll
  Persistence -> C:\project versions\the newest\RescufyBackendNew\RescufyBackendNew\Infrastructure\Persistence\bin\Debug\net8.0\Persistence.dll
  API -> C:\project versions\the newest\RescufyBackendNew\RescufyBackendNew\API\bin\Debug\net8.0\API.dll

Build succeeded.
    0 Warning(s)
    0 Error(s)

Time Elapsed 00:00:10.57

Workload updates are available. Run `dotnet workload list` for more information.
